{
  "usingComponents": {
    "dsl-module-index-c6c02ac": "../npm/dsl-module/index"
  }
}