{
  "usingComponents": {
    "native-component-index-f24c316": "../components/nativeComponent/index"
  }
}