// Jest Snapshot v1, https://goo.gl/fbAQLP

exports[`MovableArea render correctly 1`] = `
<movable-area
  scaleArea={false}
/>
`;
