{
  "usingComponents": {
    "mini-greet-index-774a1b6": "../../components/mini-greet/index"
  }
}