// Jest Snapshot v1, https://goo.gl/fbAQLP

exports[`AdCustom render correctly 1`] = `
<ad-custom
  unitId="id"
/>
`;
