// Jest Snapshot v1, https://goo.gl/fbAQLP

exports[`KeyboardAccessory render correctly 1`] = `<keyboard-accessory />`;
