{
  "usingComponents": {
    "foo-index-c994585": "../pages/foo/index"
  }
}