{
  "usingComponents": {
    "a-index-20116ca": "../components/a/index"
  }
}