// Jest Snapshot v1, https://goo.gl/fbAQLP

exports[`View render correctly 1`] = `
<view
  catchClick={[Function]}
  className="class"
  onAnimationStart={[Function]}
>
  view
</view>
`;
