{
  "usingComponents": {
    "native-component-index-f0e047f": "../components/native-component/index"
  }
}